// Jest Snapshot v1, https://goo.gl/fbAQLP

exports[`matches the snapshot 1`] = `
<div>
  <div
    class="css-z54kij"
  >
    <div
      class="css-19crk1j"
    >
      <h3
        class="css-vurnku"
      >
        Product Owner
      </h3>
      <p
        class="css-18ja79e"
      >
        This is typically the business owner of the application;
      </p>
    </div>
    <div
      class="css-19crk1j"
    >
      <p
        class="css-1guafq4"
      >
        Jane Doe
      </p>
      <p
        class="css-1guafq4"
      >
        jane@example.com
      </p>
      <p
        class="css-1guafq4"
      />
    </div>
    <div
      class="css-19crk1j"
    >
      <h3
        class="css-vurnku"
      >
        Technical Contact
      </h3>
      <p
        class="css-18ja79e"
      >
        This is typically the DevOps specialist;
      </p>
    </div>
    <div
      class="css-19crk1j"
    >
      <p
        class="css-1guafq4"
      >
        Jim Doe
      </p>
      <p
        class="css-1guafq4"
      >
        jim@example.com
      </p>
      <p
        class="css-1guafq4"
      />
    </div>
  </div>
</div>
`;
