// Jest Snapshot v1, https://goo.gl/fbAQLP

exports[`matches the snapshot 1`] = `
<div>
  <div
    class="css-vlngyz"
  >
    <div
      class="css-4cffwv"
    >
      <div
        class="css-wdgi07"
      >
        <h2
          class="css-ot5b10"
        >
          Health Gateway
        </h2>
      </div>
      <div
        class="css-1ugviwv"
        style="position: relative;"
      >
        <div
          class="css-1rmctl5"
          style="position: absolute; right: 0px; opacity: 0.2;"
        >
          Pending
        </div>
      </div>
    </div>
    <h2
      class="css-16ht1ln"
    >
      <p>
        This is a test description for health gateway app
      </p>
    </h2>
    <p
      class="css-xz2idv"
    >
      CITZ
    </p>
    <p
      class="css-1guafq4"
    >
      Project owner:
    </p>
    <p
      class="css-1guafq4"
    >
      jane@example.com
    </p>
    <p
      class="css-1guafq4"
    >
      Technical contact:
    </p>
    <p
      class="css-1guafq4"
    >
      jim@example.com
    </p>
  </div>
</div>
`;
