// Jest Snapshot v1, https://goo.gl/fbAQLP

exports[`Provision event handlers A contact edit request is processed 1`] = `
Array [
  Array [
    Object {
      "text": "
        SELECT * FROM contact
          WHERE id = $1 AND archived = false;",
      "values": Array [
        1,
      ],
    },
  ],
  Array [
    Object {
      "text": "
        SELECT * FROM contact
          WHERE id = $1 AND archived = false;",
      "values": Array [
        2,
      ],
    },
  ],
  Array [
    Object {
      "text": "
        UPDATE contact
          SET
            first_name = $1, last_name = $2, email = $3, github_id = $4,
            role_id = $5
          WHERE id = 1
          RETURNING *;",
      "values": Array [
        "Jane",
        "Doe",
        "jane@example.com",
        "janedoe",
        1,
      ],
    },
  ],
  Array [
    Object {
      "text": "
        UPDATE contact
          SET
            first_name = $1, last_name = $2, email = $3, github_id = $4,
            role_id = $5
          WHERE id = 2
          RETURNING *;",
      "values": Array [
        "Jim",
        "Doe",
        "jim@example.com",
        "jim1100",
        2,
      ],
    },
  ],
]
`;
